C51 COMPILER V9.59.0.0   TIMER0                                                            01/26/2023 01:08:32 PAGE 1   


C51 COMPILER V9.59.0.0, COMPILATION OF MODULE TIMER0
OBJECT MODULE PLACED IN .\Objects\Timer0.obj
COMPILER INVOKED BY: D:\harddevelopment\keilC51\C51\BIN\C51.EXE Timer0.c OPTIMIZE(8,SPEED) BROWSE DEBUG OBJECTEXTEND PRI
                    -NT(.\Listings\Timer0.lst) TABS(2) OBJECT(.\Objects\Timer0.obj)

line level    source

   1          #include <REGX52.H>
   2          
   3          /**
   4            * @brief 定时器0初始化 1毫秒@11.0592MHz
   5            * @param 无
   6            * @retval 无
   7            */
   8          void Timer0Init(void)
   9          {
  10   1        
  11   1        TMOD &= 0xF0;   //设置定时器模式 把TMOD的低四位清零 高四位保持不变
  12   1        TMOD |= 0x01;   //设置定时器模式 把TMOD的最低位置1 高四位保持不变
  13   1        TL0 = 0x66;   //设置定时初值
  14   1        TH0 = 0xFC;   //设置定时初值
  15   1        TF0 = 0;    //清除TF0标志
  16   1        TR0 = 1;    //定时器0开始计时
  17   1        ET0=1;
  18   1        EA=1;
  19   1        PT0=0;
  20   1      }
  21          
  22          
  23          /**
  24            * @brief 定时器中断函数模板
  25            * @param 
  26            * @retval 
  27            */
  28          //void Timer0_Routine() interrupt 1
  29          //{
  30          //  static unsigned int T0Count;
  31          //  TL0 = 0x66;   //设置定时初值
  32          //  TH0 = 0xFC;   //设置定时初值
  33          //  T0Count++;
  34          //  if(T0Count>=1000){
  35          //    T0Count=0;
  36          //    P2_0=~P2_0;
  37          //  }
  38          //}
  39          


MODULE INFORMATION:   STATIC OVERLAYABLE
   CODE SIZE        =     23    ----
   CONSTANT SIZE    =   ----    ----
   XDATA SIZE       =   ----    ----
   PDATA SIZE       =   ----    ----
   DATA SIZE        =   ----    ----
   IDATA SIZE       =   ----    ----
   BIT SIZE         =   ----    ----
END OF MODULE INFORMATION.


C51 COMPILATION COMPLETE.  0 WARNING(S),  0 ERROR(S)
