C51 COMPILER V9.59.0.0   MAIN                                                              02/12/2023 15:31:24 PAGE 1   


C51 COMPILER V9.59.0.0, COMPILATION OF MODULE MAIN
OBJECT MODULE PLACED IN .\Objects\main.obj
COMPILER INVOKED BY: D:\harddevelopment\keilC51\C51\BIN\C51.EXE main.c OPTIMIZE(8,SPEED) BROWSE DEBUG OBJECTEXTEND PRINT
                    -(.\Listings\main.lst) TABS(2) OBJECT(.\Objects\main.obj)

line level    source

   1          #include <REGX52.H>
   2          #include "Key.h"
   3          #include "Delay.h"
   4          #include "Nixie.h"
   5          #include "Motor.h"
   6          #include "IR.h"
   7          
   8          unsigned char Command,Speed;
   9          
  10          void main()
  11          {
  12   1        
  13   1        Motor_Init();
  14   1        IR_Init();
  15   1        while(1)
  16   1        {
  17   2          if(IR_GetDataFlag())
  18   2          {
  19   3            Command = IR_GetCommand();
  20   3            
  21   3            if(Command==IR_0){Speed=0;}
  22   3            if(Command==IR_1){Speed=1;}
  23   3            if(Command==IR_2){Speed=2;}
  24   3            if(Command==IR_3){Speed=3;}
  25   3            
  26   3            if(Speed==0){Motor_SetSpeed(0);}
  27   3            if(Speed==1){Motor_SetSpeed(50);}
  28   3            if(Speed==2){Motor_SetSpeed(75);}
  29   3            if(Speed==3){Motor_SetSpeed(100);}
  30   3          }
  31   2          Nixie(1,Speed);
  32   2        }
  33   1      }
  34          


MODULE INFORMATION:   STATIC OVERLAYABLE
   CODE SIZE        =    106    ----
   CONSTANT SIZE    =   ----    ----
   XDATA SIZE       =   ----    ----
   PDATA SIZE       =   ----    ----
   DATA SIZE        =      2    ----
   IDATA SIZE       =   ----    ----
   BIT SIZE         =   ----    ----
END OF MODULE INFORMATION.


C51 COMPILATION COMPLETE.  0 WARNING(S),  0 ERROR(S)
